------------------------------------------------------------
Timing Analyzer Summary
------------------------------------------------------------

Type  : Slow 1100mV 85C Model Setup 'CLOCK_50'
Slack : -3.079
TNS   : -240.434

Type  : Slow 1100mV 85C Model Hold 'CLOCK_50'
Slack : 0.314
TNS   : 0.000

Type  : Slow 1100mV 85C Model Minimum Pulse Width 'CLOCK_50'
Slack : -0.538
TNS   : -117.904

Type  : Slow 1100mV 0C Model Setup 'CLOCK_50'
Slack : -3.063
TNS   : -247.866

Type  : Slow 1100mV 0C Model Hold 'CLOCK_50'
Slack : 0.290
TNS   : 0.000

Type  : Slow 1100mV 0C Model Minimum Pulse Width 'CLOCK_50'
Slack : -0.538
TNS   : -121.093

Type  : Fast 1100mV 85C Model Setup 'CLOCK_50'
Slack : -1.016
TNS   : -41.786

Type  : Fast 1100mV 85C Model Hold 'CLOCK_50'
Slack : 0.155
TNS   : 0.000

Type  : Fast 1100mV 85C Model Minimum Pulse Width 'CLOCK_50'
Slack : -0.097
TNS   : -14.365

Type  : Fast 1100mV 0C Model Setup 'CLOCK_50'
Slack : -0.855
TNS   : -33.840

Type  : Fast 1100mV 0C Model Hold 'CLOCK_50'
Slack : 0.138
TNS   : 0.000

Type  : Fast 1100mV 0C Model Minimum Pulse Width 'CLOCK_50'
Slack : -0.097
TNS   : -14.498

------------------------------------------------------------
