------------------------------------------------------------
Timing Analyzer Summary
------------------------------------------------------------

Type  : Slow 1100mV 85C Model Setup 'CLOCK_50'
Slack : -3.003
TNS   : -105.723

Type  : Slow 1100mV 85C Model Hold 'CLOCK_50'
Slack : 0.441
TNS   : 0.000

Type  : Slow 1100mV 85C Model Minimum Pulse Width 'CLOCK_50'
Slack : -0.538
TNS   : -40.763

Type  : Slow 1100mV 0C Model Setup 'CLOCK_50'
Slack : -2.830
TNS   : -105.886

Type  : Slow 1100mV 0C Model Hold 'CLOCK_50'
Slack : 0.447
TNS   : 0.000

Type  : Slow 1100mV 0C Model Minimum Pulse Width 'CLOCK_50'
Slack : -0.538
TNS   : -42.600

Type  : Fast 1100mV 85C Model Setup 'CLOCK_50'
Slack : -1.088
TNS   : -26.890

Type  : Fast 1100mV 85C Model Hold 'CLOCK_50'
Slack : 0.183
TNS   : 0.000

Type  : Fast 1100mV 85C Model Minimum Pulse Width 'CLOCK_50'
Slack : -0.095
TNS   : -4.920

Type  : Fast 1100mV 0C Model Setup 'CLOCK_50'
Slack : -0.876
TNS   : -21.431

Type  : Fast 1100mV 0C Model Hold 'CLOCK_50'
Slack : 0.174
TNS   : 0.000

Type  : Fast 1100mV 0C Model Minimum Pulse Width 'CLOCK_50'
Slack : -0.095
TNS   : -4.968

------------------------------------------------------------
