Analysis & Synthesis report for copper
Tue Sep 29 18:58:46 2020
Quartus Prime Version 20.1.0 Build 711 06/05/2020 SJ Lite Edition


---------------------
; Table of Contents ;
---------------------
  1. Legal Notice
  2. Analysis & Synthesis Summary
  3. Analysis & Synthesis Settings
  4. Parallel Compilation
  5. Analysis & Synthesis Source Files Read
  6. Analysis & Synthesis Resource Usage Summary
  7. Analysis & Synthesis Resource Utilization by Entity
  8. State Machine - |copper|RS232_rx:inst5|STATE
  9. State Machine - |copper|RS232_tx:inst4|STATE
 10. Registers Removed During Synthesis
 11. Removed Registers Triggering Further Register Optimizations
 12. General Register Statistics
 13. Multiplexer Restructuring Statistics (Restructuring Performed)
 14. Post-Synthesis Netlist Statistics for Top Partition
 15. Elapsed Time Per Partition
 16. Analysis & Synthesis Messages



----------------
; Legal Notice ;
----------------
Copyright (C) 2020  Intel Corporation. All rights reserved.
Your use of Intel Corporation's design tools, logic functions 
and other software and tools, and any partner logic 
functions, and any output files from any of the foregoing 
(including device programming or simulation files), and any 
associated documentation or information are expressly subject 
to the terms and conditions of the Intel Program License 
Subscription Agreement, the Intel Quartus Prime License Agreement,
the Intel FPGA IP License Agreement, or other applicable license
agreement, including, without limitation, that your use is for
the sole purpose of programming logic devices manufactured by
Intel and sold by Intel or its authorized distributors.  Please
refer to the applicable agreement for further details, at
https://fpgasoftware.intel.com/eula.



+-------------------------------------------------------------------------------+
; Analysis & Synthesis Summary                                                  ;
+---------------------------------+---------------------------------------------+
; Analysis & Synthesis Status     ; Successful - Tue Sep 29 18:58:46 2020       ;
; Quartus Prime Version           ; 20.1.0 Build 711 06/05/2020 SJ Lite Edition ;
; Revision Name                   ; copper                                      ;
; Top-level Entity Name           ; copper                                      ;
; Family                          ; Cyclone V                                   ;
; Logic utilization (in ALMs)     ; N/A                                         ;
; Total registers                 ; 153                                         ;
; Total pins                      ; 63                                          ;
; Total virtual pins              ; 0                                           ;
; Total block memory bits         ; 0                                           ;
; Total DSP Blocks                ; 0                                           ;
; Total HSSI RX PCSs              ; 0                                           ;
; Total HSSI PMA RX Deserializers ; 0                                           ;
; Total HSSI TX PCSs              ; 0                                           ;
; Total HSSI PMA TX Serializers   ; 0                                           ;
; Total PLLs                      ; 0                                           ;
; Total DLLs                      ; 0                                           ;
+---------------------------------+---------------------------------------------+


+---------------------------------------------------------------------------------------------------------------------------+
; Analysis & Synthesis Settings                                                                                             ;
+---------------------------------------------------------------------------------+--------------------+--------------------+
; Option                                                                          ; Setting            ; Default Value      ;
+---------------------------------------------------------------------------------+--------------------+--------------------+
; Device                                                                          ; 5CEBA4F23C7        ;                    ;
; Top-level entity name                                                           ; copper             ; copper             ;
; Family name                                                                     ; Cyclone V          ; Cyclone V          ;
; Use smart compilation                                                           ; Off                ; Off                ;
; Enable parallel Assembler and Timing Analyzer during compilation                ; On                 ; On                 ;
; Enable compact report table                                                     ; Off                ; Off                ;
; Restructure Multiplexers                                                        ; Auto               ; Auto               ;
; MLAB Add Timing Constraints For Mixed-Port Feed-Through Mode Setting Don't Care ; Off                ; Off                ;
; Create Debugging Nodes for IP Cores                                             ; Off                ; Off                ;
; Preserve fewer node names                                                       ; On                 ; On                 ;
; Intel FPGA IP Evaluation Mode                                                   ; Enable             ; Enable             ;
; Verilog Version                                                                 ; Verilog_2001       ; Verilog_2001       ;
; VHDL Version                                                                    ; VHDL_1993          ; VHDL_1993          ;
; State Machine Processing                                                        ; Auto               ; Auto               ;
; Safe State Machine                                                              ; Off                ; Off                ;
; Extract Verilog State Machines                                                  ; On                 ; On                 ;
; Extract VHDL State Machines                                                     ; On                 ; On                 ;
; Ignore Verilog initial constructs                                               ; Off                ; Off                ;
; Iteration limit for constant Verilog loops                                      ; 5000               ; 5000               ;
; Iteration limit for non-constant Verilog loops                                  ; 250                ; 250                ;
; Add Pass-Through Logic to Inferred RAMs                                         ; On                 ; On                 ;
; Infer RAMs from Raw Logic                                                       ; On                 ; On                 ;
; Parallel Synthesis                                                              ; On                 ; On                 ;
; DSP Block Balancing                                                             ; Auto               ; Auto               ;
; NOT Gate Push-Back                                                              ; On                 ; On                 ;
; Power-Up Don't Care                                                             ; On                 ; On                 ;
; Remove Redundant Logic Cells                                                    ; Off                ; Off                ;
; Remove Duplicate Registers                                                      ; On                 ; On                 ;
; Ignore CARRY Buffers                                                            ; Off                ; Off                ;
; Ignore CASCADE Buffers                                                          ; Off                ; Off                ;
; Ignore GLOBAL Buffers                                                           ; Off                ; Off                ;
; Ignore ROW GLOBAL Buffers                                                       ; Off                ; Off                ;
; Ignore LCELL Buffers                                                            ; Off                ; Off                ;
; Ignore SOFT Buffers                                                             ; On                 ; On                 ;
; Limit AHDL Integers to 32 Bits                                                  ; Off                ; Off                ;
; Optimization Technique                                                          ; Balanced           ; Balanced           ;
; Carry Chain Length                                                              ; 70                 ; 70                 ;
; Auto Carry Chains                                                               ; On                 ; On                 ;
; Auto Open-Drain Pins                                                            ; On                 ; On                 ;
; Perform WYSIWYG Primitive Resynthesis                                           ; Off                ; Off                ;
; Auto ROM Replacement                                                            ; On                 ; On                 ;
; Auto RAM Replacement                                                            ; On                 ; On                 ;
; Auto DSP Block Replacement                                                      ; On                 ; On                 ;
; Auto Shift Register Replacement                                                 ; Auto               ; Auto               ;
; Allow Shift Register Merging across Hierarchies                                 ; Auto               ; Auto               ;
; Auto Clock Enable Replacement                                                   ; On                 ; On                 ;
; Strict RAM Replacement                                                          ; Off                ; Off                ;
; Allow Synchronous Control Signals                                               ; On                 ; On                 ;
; Force Use of Synchronous Clear Signals                                          ; Off                ; Off                ;
; Auto Resource Sharing                                                           ; Off                ; Off                ;
; Allow Any RAM Size For Recognition                                              ; Off                ; Off                ;
; Allow Any ROM Size For Recognition                                              ; Off                ; Off                ;
; Allow Any Shift Register Size For Recognition                                   ; Off                ; Off                ;
; Use LogicLock Constraints during Resource Balancing                             ; On                 ; On                 ;
; Ignore translate_off and synthesis_off directives                               ; Off                ; Off                ;
; Timing-Driven Synthesis                                                         ; On                 ; On                 ;
; Report Parameter Settings                                                       ; On                 ; On                 ;
; Report Source Assignments                                                       ; On                 ; On                 ;
; Report Connectivity Checks                                                      ; On                 ; On                 ;
; Ignore Maximum Fan-Out Assignments                                              ; Off                ; Off                ;
; Synchronization Register Chain Length                                           ; 3                  ; 3                  ;
; Power Optimization During Synthesis                                             ; Normal compilation ; Normal compilation ;
; HDL message level                                                               ; Level2             ; Level2             ;
; Suppress Register Optimization Related Messages                                 ; Off                ; Off                ;
; Number of Removed Registers Reported in Synthesis Report                        ; 5000               ; 5000               ;
; Number of Swept Nodes Reported in Synthesis Report                              ; 5000               ; 5000               ;
; Number of Inverted Registers Reported in Synthesis Report                       ; 100                ; 100                ;
; Clock MUX Protection                                                            ; On                 ; On                 ;
; Auto Gated Clock Conversion                                                     ; Off                ; Off                ;
; Block Design Naming                                                             ; Auto               ; Auto               ;
; SDC constraint protection                                                       ; Off                ; Off                ;
; Synthesis Effort                                                                ; Auto               ; Auto               ;
; Shift Register Replacement - Allow Asynchronous Clear Signal                    ; On                 ; On                 ;
; Pre-Mapping Resynthesis Optimization                                            ; Off                ; Off                ;
; Analysis & Synthesis Message Level                                              ; Medium             ; Medium             ;
; Disable Register Merging Across Hierarchies                                     ; Auto               ; Auto               ;
; Resource Aware Inference For Block RAM                                          ; On                 ; On                 ;
; Automatic Parallel Synthesis                                                    ; On                 ; On                 ;
; Partial Reconfiguration Bitstream ID                                            ; Off                ; Off                ;
+---------------------------------------------------------------------------------+--------------------+--------------------+


+------------------------------------------+
; Parallel Compilation                     ;
+----------------------------+-------------+
; Processors                 ; Number      ;
+----------------------------+-------------+
; Number detected on machine ; 8           ;
; Maximum allowed            ; 8           ;
;                            ;             ;
; Average used               ; 1.00        ;
; Maximum used               ; 8           ;
;                            ;             ;
; Usage by Processor         ; % Time Used ;
;     Processor 1            ; 100.0%      ;
;     Processors 2-8         ;   0.0%      ;
+----------------------------+-------------+


+-------------------------------------------------------------------------------------------------------------------------------------------------------------------------------+
; Analysis & Synthesis Source Files Read                                                                                                                                        ;
+----------------------------------+-----------------+------------------------------------+---------------------------------------------------------------------------+---------+
; File Name with User-Entered Path ; Used in Netlist ; File Type                          ; File Name with Absolute Path                                              ; Library ;
+----------------------------------+-----------------+------------------------------------+---------------------------------------------------------------------------+---------+
; copper.bdf                       ; yes             ; User Block Diagram/Schematic File  ; C:/Users/oenri/Desktop/YouTube/copper/FPGA/copper.bdf                     ;         ;
; library/OneSecondPeriodPulse.v   ; yes             ; User Verilog HDL File              ; C:/Users/oenri/Desktop/YouTube/copper/FPGA/library/OneSecondPeriodPulse.v ;         ;
; library/General27bitCounter.v    ; yes             ; User Verilog HDL File              ; C:/Users/oenri/Desktop/YouTube/copper/FPGA/library/General27bitCounter.v  ;         ;
; library/SevenSegmentDisplay.v    ; yes             ; User Verilog HDL File              ; C:/Users/oenri/Desktop/YouTube/copper/FPGA/library/SevenSegmentDisplay.v  ;         ;
; library/General42bitCounter.v    ; yes             ; User Verilog HDL File              ; C:/Users/oenri/Desktop/YouTube/copper/FPGA/library/General42bitCounter.v  ;         ;
; library/HexDecoder_Core.v        ; yes             ; User Verilog HDL File              ; C:/Users/oenri/Desktop/YouTube/copper/FPGA/library/HexDecoder_Core.v      ;         ;
; library/HexDecoder_RevB.v        ; yes             ; User Verilog HDL File              ; C:/Users/oenri/Desktop/YouTube/copper/FPGA/library/HexDecoder_RevB.v      ;         ;
; library/HexDecoder_RevC.v        ; yes             ; User Verilog HDL File              ; C:/Users/oenri/Desktop/YouTube/copper/FPGA/library/HexDecoder_RevC.v      ;         ;
; library/UnmapDisplays.v          ; yes             ; User Verilog HDL File              ; C:/Users/oenri/Desktop/YouTube/copper/FPGA/library/UnmapDisplays.v        ;         ;
; library/GeneralLatch.v           ; yes             ; User Verilog HDL File              ; C:/Users/oenri/Desktop/YouTube/copper/FPGA/library/GeneralLatch.v         ;         ;
; library/RS232_rx.v               ; yes             ; User Verilog HDL File              ; C:/Users/oenri/Desktop/YouTube/copper/FPGA/library/RS232_rx.v             ;         ;
; library/RS232_tx.v               ; yes             ; User Verilog HDL File              ; C:/Users/oenri/Desktop/YouTube/copper/FPGA/library/RS232_tx.v             ;         ;
+----------------------------------+-----------------+------------------------------------+---------------------------------------------------------------------------+---------+


+--------------------------------------------------------------+
; Analysis & Synthesis Resource Usage Summary                  ;
+---------------------------------------------+----------------+
; Resource                                    ; Usage          ;
+---------------------------------------------+----------------+
; Estimate of Logic utilization (ALMs needed) ; 97             ;
;                                             ;                ;
; Combinational ALUT usage for logic          ; 173            ;
;     -- 7 input functions                    ; 2              ;
;     -- 6 input functions                    ; 18             ;
;     -- 5 input functions                    ; 17             ;
;     -- 4 input functions                    ; 46             ;
;     -- <=3 input functions                  ; 90             ;
;                                             ;                ;
; Dedicated logic registers                   ; 153            ;
;                                             ;                ;
; I/O pins                                    ; 63             ;
;                                             ;                ;
; Total DSP Blocks                            ; 0              ;
;                                             ;                ;
; Maximum fan-out node                        ; CLOCK_50~input ;
; Maximum fan-out                             ; 153            ;
; Total fan-out                               ; 1154           ;
; Average fan-out                             ; 2.55           ;
+---------------------------------------------+----------------+


+--------------------------------------------------------------------------------------------------------------------------------------------------------------------------------------------------------------------------------------+
; Analysis & Synthesis Resource Utilization by Entity                                                                                                                                                                                  ;
+---------------------------------+---------------------+---------------------------+-------------------+------------+------+--------------+-----------------------------------------------------+----------------------+--------------+
; Compilation Hierarchy Node      ; Combinational ALUTs ; Dedicated Logic Registers ; Block Memory Bits ; DSP Blocks ; Pins ; Virtual Pins ; Full Hierarchy Name                                 ; Entity Name          ; Library Name ;
+---------------------------------+---------------------+---------------------------+-------------------+------------+------+--------------+-----------------------------------------------------+----------------------+--------------+
; |copper                         ; 173 (0)             ; 153 (0)                   ; 0                 ; 0          ; 63   ; 0            ; |copper                                             ; copper               ; work         ;
;    |General42bitCounter:inst13| ; 34 (34)             ; 34 (34)                   ; 0                 ; 0          ; 0    ; 0            ; |copper|General42bitCounter:inst13                  ; General42bitCounter  ; work         ;
;    |GeneralLatch:inst12|        ; 1 (1)               ; 1 (1)                     ; 0                 ; 0          ; 0    ; 0            ; |copper|GeneralLatch:inst12                         ; GeneralLatch         ; work         ;
;    |HexDecoder_RevB:inst7|      ; 42 (0)              ; 42 (0)                    ; 0                 ; 0          ; 0    ; 0            ; |copper|HexDecoder_RevB:inst7                       ; HexDecoder_RevB      ; work         ;
;       |HexDecoder_Core:inst0|   ; 7 (7)               ; 7 (7)                     ; 0                 ; 0          ; 0    ; 0            ; |copper|HexDecoder_RevB:inst7|HexDecoder_Core:inst0 ; HexDecoder_Core      ; work         ;
;       |HexDecoder_Core:inst1|   ; 7 (7)               ; 7 (7)                     ; 0                 ; 0          ; 0    ; 0            ; |copper|HexDecoder_RevB:inst7|HexDecoder_Core:inst1 ; HexDecoder_Core      ; work         ;
;       |HexDecoder_Core:inst2|   ; 7 (7)               ; 7 (7)                     ; 0                 ; 0          ; 0    ; 0            ; |copper|HexDecoder_RevB:inst7|HexDecoder_Core:inst2 ; HexDecoder_Core      ; work         ;
;       |HexDecoder_Core:inst3|   ; 7 (7)               ; 7 (7)                     ; 0                 ; 0          ; 0    ; 0            ; |copper|HexDecoder_RevB:inst7|HexDecoder_Core:inst3 ; HexDecoder_Core      ; work         ;
;       |HexDecoder_Core:inst4|   ; 7 (7)               ; 7 (7)                     ; 0                 ; 0          ; 0    ; 0            ; |copper|HexDecoder_RevB:inst7|HexDecoder_Core:inst4 ; HexDecoder_Core      ; work         ;
;       |HexDecoder_Core:inst5|   ; 7 (7)               ; 7 (7)                     ; 0                 ; 0          ; 0    ; 0            ; |copper|HexDecoder_RevB:inst7|HexDecoder_Core:inst5 ; HexDecoder_Core      ; work         ;
;    |OneSecondPeriodPulse:inst2| ; 32 (32)             ; 26 (26)                   ; 0                 ; 0          ; 0    ; 0            ; |copper|OneSecondPeriodPulse:inst2                  ; OneSecondPeriodPulse ; work         ;
;    |RS232_rx:inst5|             ; 36 (36)             ; 25 (25)                   ; 0                 ; 0          ; 0    ; 0            ; |copper|RS232_rx:inst5                              ; RS232_rx             ; work         ;
;    |RS232_tx:inst4|             ; 28 (28)             ; 25 (25)                   ; 0                 ; 0          ; 0    ; 0            ; |copper|RS232_tx:inst4                              ; RS232_tx             ; work         ;
+---------------------------------+---------------------+---------------------------+-------------------+------------+------+--------------+-----------------------------------------------------+----------------------+--------------+
Note: For table entries with two numbers listed, the numbers in parentheses indicate the number of resources of the given type used by the specific entity alone. The numbers listed outside of parentheses indicate the total resources of the given type used by the specific entity and all of its sub-entities in the hierarchy.


Encoding Type:  One-Hot
+----------------------------------------------------------------------------+
; State Machine - |copper|RS232_rx:inst5|STATE                               ;
+---------------+--------------+--------------+---------------+--------------+
; Name          ; STATE.s_stop ; STATE.s_read ; STATE.s_start ; STATE.s_idle ;
+---------------+--------------+--------------+---------------+--------------+
; STATE.s_idle  ; 0            ; 0            ; 0             ; 0            ;
; STATE.s_start ; 0            ; 0            ; 1             ; 1            ;
; STATE.s_read  ; 0            ; 1            ; 0             ; 1            ;
; STATE.s_stop  ; 1            ; 0            ; 0             ; 1            ;
+---------------+--------------+--------------+---------------+--------------+


Encoding Type:  One-Hot
+-----------------------------------------------------------------------------+
; State Machine - |copper|RS232_tx:inst4|STATE                                ;
+---------------+--------------+---------------+---------------+--------------+
; Name          ; STATE.s_stop ; STATE.s_write ; STATE.s_start ; STATE.s_idle ;
+---------------+--------------+---------------+---------------+--------------+
; STATE.s_idle  ; 0            ; 0             ; 0             ; 0            ;
; STATE.s_start ; 0            ; 0             ; 1             ; 1            ;
; STATE.s_write ; 0            ; 1             ; 0             ; 1            ;
; STATE.s_stop  ; 1            ; 0             ; 0             ; 1            ;
+---------------+--------------+---------------+---------------+--------------+


+-----------------------------------------------------------------+
; Registers Removed During Synthesis                              ;
+--------------------------------------------+--------------------+
; Register name                              ; Reason for Removal ;
+--------------------------------------------+--------------------+
; RS232_rx:inst5|STATE~2                     ; Lost fanout        ;
; RS232_rx:inst5|STATE~3                     ; Lost fanout        ;
; RS232_tx:inst4|STATE~2                     ; Lost fanout        ;
; RS232_tx:inst4|STATE~3                     ; Lost fanout        ;
; General42bitCounter:inst13|counter[34..41] ; Lost fanout        ;
; Total Number of Removed Registers = 12     ;                    ;
+--------------------------------------------+--------------------+


+-----------------------------------------------------------------------------------------------------------------------------------------------+
; Removed Registers Triggering Further Register Optimizations                                                                                   ;
+----------------------------------------+--------------------+---------------------------------------------------------------------------------+
; Register name                          ; Reason for Removal ; Registers Removed due to This Register                                          ;
+----------------------------------------+--------------------+---------------------------------------------------------------------------------+
; General42bitCounter:inst13|counter[41] ; Lost Fanouts       ; General42bitCounter:inst13|counter[40], General42bitCounter:inst13|counter[39], ;
;                                        ;                    ; General42bitCounter:inst13|counter[38], General42bitCounter:inst13|counter[37], ;
;                                        ;                    ; General42bitCounter:inst13|counter[36], General42bitCounter:inst13|counter[35], ;
;                                        ;                    ; General42bitCounter:inst13|counter[34]                                          ;
+----------------------------------------+--------------------+---------------------------------------------------------------------------------+


+------------------------------------------------------+
; General Register Statistics                          ;
+----------------------------------------------+-------+
; Statistic                                    ; Value ;
+----------------------------------------------+-------+
; Total registers                              ; 153   ;
; Number of registers using Synchronous Clear  ; 108   ;
; Number of registers using Synchronous Load   ; 43    ;
; Number of registers using Asynchronous Clear ; 0     ;
; Number of registers using Asynchronous Load  ; 0     ;
; Number of registers using Clock Enable       ; 17    ;
; Number of registers using Preset             ; 0     ;
+----------------------------------------------+-------+


+------------------------------------------------------------------------------------------------------------------------------------------------------------+
; Multiplexer Restructuring Statistics (Restructuring Performed)                                                                                             ;
+--------------------+-----------+---------------+----------------------+------------------------+------------+----------------------------------------------+
; Multiplexer Inputs ; Bus Width ; Baseline Area ; Area if Restructured ; Saving if Restructured ; Registered ; Example Multiplexer Output                   ;
+--------------------+-----------+---------------+----------------------+------------------------+------------+----------------------------------------------+
; 3:1                ; 8 bits    ; 16 LEs        ; 0 LEs                ; 16 LEs                 ; Yes        ; |copper|RS232_tx:inst4|latchedData[5]        ;
; 3:1                ; 25 bits   ; 50 LEs        ; 0 LEs                ; 50 LEs                 ; Yes        ; |copper|OneSecondPeriodPulse:inst2|count[13] ;
; 6:1                ; 9 bits    ; 36 LEs        ; 0 LEs                ; 36 LEs                 ; Yes        ; |copper|RS232_rx:inst5|counter[7]            ;
; 6:1                ; 9 bits    ; 36 LEs        ; 0 LEs                ; 36 LEs                 ; Yes        ; |copper|RS232_tx:inst4|counter[3]            ;
+--------------------+-----------+---------------+----------------------+------------------------+------------+----------------------------------------------+


+-----------------------------------------------------+
; Post-Synthesis Netlist Statistics for Top Partition ;
+-----------------------+-----------------------------+
; Type                  ; Count                       ;
+-----------------------+-----------------------------+
; arriav_ff             ; 153                         ;
;     ENA SCLR          ; 17                          ;
;     SCLR              ; 91                          ;
;     SLD               ; 43                          ;
;     plain             ; 2                           ;
; arriav_lcell_comb     ; 174                         ;
;     arith             ; 77                          ;
;         1 data inputs ; 77                          ;
;     extend            ; 2                           ;
;         7 data inputs ; 2                           ;
;     normal            ; 95                          ;
;         0 data inputs ; 1                           ;
;         2 data inputs ; 9                           ;
;         3 data inputs ; 4                           ;
;         4 data inputs ; 46                          ;
;         5 data inputs ; 17                          ;
;         6 data inputs ; 18                          ;
; boundary_port         ; 63                          ;
;                       ;                             ;
; Max LUT depth         ; 4.30                        ;
; Average LUT depth     ; 2.17                        ;
+-----------------------+-----------------------------+


+-------------------------------+
; Elapsed Time Per Partition    ;
+----------------+--------------+
; Partition Name ; Elapsed Time ;
+----------------+--------------+
; Top            ; 00:00:01     ;
+----------------+--------------+


+-------------------------------+
; Analysis & Synthesis Messages ;
+-------------------------------+
Info: *******************************************************************
Info: Running Quartus Prime Analysis & Synthesis
    Info: Version 20.1.0 Build 711 06/05/2020 SJ Lite Edition
    Info: Processing started: Tue Sep 29 18:58:28 2020
Info: Command: quartus_map --read_settings_files=on --write_settings_files=off copper -c copper
Warning (18236): Number of processors has not been specified which may cause overloading on shared machines.  Set the global assignment NUM_PARALLEL_PROCESSORS in your QSF to an appropriate value for best performance.
Info (20030): Parallel compilation is enabled and will use 8 of the 8 processors detected
Info (12021): Found 1 design units, including 1 entities, in source file copper.bdf
    Info (12023): Found entity 1: copper
Info (12021): Found 1 design units, including 1 entities, in source file library/onesecondperiodpulse.v
    Info (12023): Found entity 1: OneSecondPeriodPulse File: C:/Users/oenri/Desktop/YouTube/copper/FPGA/library/OneSecondPeriodPulse.v Line: 2
Info (12021): Found 1 design units, including 1 entities, in source file library/general27bitcounter.v
    Info (12023): Found entity 1: General27bitCounter File: C:/Users/oenri/Desktop/YouTube/copper/FPGA/library/General27bitCounter.v Line: 2
Info (12021): Found 1 design units, including 1 entities, in source file library/sevensegmentdisplay.v
    Info (12023): Found entity 1: SevenSegmentDisplay_RevA File: C:/Users/oenri/Desktop/YouTube/copper/FPGA/library/SevenSegmentDisplay.v Line: 2
Info (12021): Found 1 design units, including 1 entities, in source file library/hexdecoder_reva.v
    Info (12023): Found entity 1: HexDecoder_RevA File: C:/Users/oenri/Desktop/YouTube/copper/FPGA/library/HexDecoder_RevA.v Line: 4
Info (12021): Found 1 design units, including 1 entities, in source file library/general42bitcounter.v
    Info (12023): Found entity 1: General42bitCounter File: C:/Users/oenri/Desktop/YouTube/copper/FPGA/library/General42bitCounter.v Line: 2
Info (12021): Found 1 design units, including 1 entities, in source file library/hexdecoder_core.v
    Info (12023): Found entity 1: HexDecoder_Core File: C:/Users/oenri/Desktop/YouTube/copper/FPGA/library/HexDecoder_Core.v Line: 4
Info (12021): Found 1 design units, including 1 entities, in source file library/hexdecoder_revb.v
    Info (12023): Found entity 1: HexDecoder_RevB File: C:/Users/oenri/Desktop/YouTube/copper/FPGA/library/HexDecoder_RevB.v Line: 2
Info (12021): Found 1 design units, including 1 entities, in source file library/hexdecoder_revc.v
    Info (12023): Found entity 1: HexDecoder_RevC File: C:/Users/oenri/Desktop/YouTube/copper/FPGA/library/HexDecoder_RevC.v Line: 2
Info (12021): Found 1 design units, including 1 entities, in source file library/unmapdisplays.v
    Info (12023): Found entity 1: UnmapDisplays File: C:/Users/oenri/Desktop/YouTube/copper/FPGA/library/UnmapDisplays.v Line: 2
Info (12021): Found 1 design units, including 1 entities, in source file library/rs232_testmodule.v
    Info (12023): Found entity 1: RS232_testModule File: C:/Users/oenri/Desktop/YouTube/copper/FPGA/library/RS232_testModule.v Line: 2
Info (12021): Found 1 design units, including 1 entities, in source file library/generallatch.v
    Info (12023): Found entity 1: GeneralLatch File: C:/Users/oenri/Desktop/YouTube/copper/FPGA/library/GeneralLatch.v Line: 2
Info (12021): Found 1 design units, including 1 entities, in source file library/rs232_rx.v
    Info (12023): Found entity 1: RS232_rx File: C:/Users/oenri/Desktop/YouTube/copper/FPGA/library/RS232_rx.v Line: 2
Info (12021): Found 1 design units, including 1 entities, in source file library/rs232_tx.v
    Info (12023): Found entity 1: RS232_tx File: C:/Users/oenri/Desktop/YouTube/copper/FPGA/library/RS232_tx.v Line: 2
Info (12127): Elaborating entity "copper" for the top level hierarchy
Warning (275080): Converted elements in bus name "HEX0" using legacy naming rules. Make any assignments on the new names, not on the original names.
    Warning (275081): Converted element name(s) from "HEX0[6..0]" to "HEX06..0"
Warning (275080): Converted elements in bus name "HEX1" using legacy naming rules. Make any assignments on the new names, not on the original names.
    Warning (275081): Converted element name(s) from "HEX1[6..0]" to "HEX16..0"
Warning (275080): Converted elements in bus name "HEX2" using legacy naming rules. Make any assignments on the new names, not on the original names.
    Warning (275081): Converted element name(s) from "HEX2[6..0]" to "HEX26..0"
Warning (275080): Converted elements in bus name "HEX3" using legacy naming rules. Make any assignments on the new names, not on the original names.
    Warning (275081): Converted element name(s) from "HEX3[6..0]" to "HEX36..0"
Warning (275080): Converted elements in bus name "HEX4" using legacy naming rules. Make any assignments on the new names, not on the original names.
    Warning (275081): Converted element name(s) from "HEX4[6..0]" to "HEX46..0"
Warning (275080): Converted elements in bus name "HEX5" using legacy naming rules. Make any assignments on the new names, not on the original names.
    Warning (275081): Converted element name(s) from "HEX5[6..0]" to "HEX56..0"
Warning (275043): Pin "LEDR2" is missing source
Warning (275043): Pin "LEDR3" is missing source
Warning (275043): Pin "LEDR4" is missing source
Warning (275043): Pin "LEDR6" is missing source
Warning (275043): Pin "LEDR7" is missing source
Warning (275043): Pin "LEDR8" is missing source
Warning (275043): Pin "LEDR9" is missing source
Warning (275009): Pin "KEY1" not connected
Warning (275009): Pin "KEY2" not connected
Warning (275009): Pin "KEY3" not connected
Warning (275009): Pin "CLOCK2_50" not connected
Warning (275009): Pin "CLOCK3_50" not connected
Warning (275009): Pin "CLOCK4_50" not connected
Info (12128): Elaborating entity "OneSecondPeriodPulse" for hierarchy "OneSecondPeriodPulse:inst2"
Warning (10230): Verilog HDL assignment warning at OneSecondPeriodPulse.v(30): truncated value with size 32 to match size of target (25) File: C:/Users/oenri/Desktop/YouTube/copper/FPGA/library/OneSecondPeriodPulse.v Line: 30
Info (12128): Elaborating entity "GeneralLatch" for hierarchy "GeneralLatch:inst12"
Info (12128): Elaborating entity "RS232_tx" for hierarchy "RS232_tx:inst4"
Warning (10230): Verilog HDL assignment warning at RS232_tx.v(67): truncated value with size 32 to match size of target (9) File: C:/Users/oenri/Desktop/YouTube/copper/FPGA/library/RS232_tx.v Line: 67
Warning (10230): Verilog HDL assignment warning at RS232_tx.v(79): truncated value with size 32 to match size of target (3) File: C:/Users/oenri/Desktop/YouTube/copper/FPGA/library/RS232_tx.v Line: 79
Warning (10230): Verilog HDL assignment warning at RS232_tx.v(95): truncated value with size 32 to match size of target (9) File: C:/Users/oenri/Desktop/YouTube/copper/FPGA/library/RS232_tx.v Line: 95
Warning (10230): Verilog HDL assignment warning at RS232_tx.v(113): truncated value with size 32 to match size of target (9) File: C:/Users/oenri/Desktop/YouTube/copper/FPGA/library/RS232_tx.v Line: 113
Info (12128): Elaborating entity "RS232_rx" for hierarchy "RS232_rx:inst5"
Warning (10230): Verilog HDL assignment warning at RS232_rx.v(67): truncated value with size 32 to match size of target (9) File: C:/Users/oenri/Desktop/YouTube/copper/FPGA/library/RS232_rx.v Line: 67
Warning (10230): Verilog HDL assignment warning at RS232_rx.v(78): truncated value with size 32 to match size of target (3) File: C:/Users/oenri/Desktop/YouTube/copper/FPGA/library/RS232_rx.v Line: 78
Warning (10230): Verilog HDL assignment warning at RS232_rx.v(94): truncated value with size 32 to match size of target (9) File: C:/Users/oenri/Desktop/YouTube/copper/FPGA/library/RS232_rx.v Line: 94
Warning (10230): Verilog HDL assignment warning at RS232_rx.v(114): truncated value with size 32 to match size of target (9) File: C:/Users/oenri/Desktop/YouTube/copper/FPGA/library/RS232_rx.v Line: 114
Info (12128): Elaborating entity "HexDecoder_RevB" for hierarchy "HexDecoder_RevB:inst7"
Info (12128): Elaborating entity "HexDecoder_Core" for hierarchy "HexDecoder_RevB:inst7|HexDecoder_Core:inst0" File: C:/Users/oenri/Desktop/YouTube/copper/FPGA/library/HexDecoder_RevB.v Line: 14
Info (12128): Elaborating entity "General42bitCounter" for hierarchy "General42bitCounter:inst13"
Info (12128): Elaborating entity "SevenSegmentDisplay_RevA" for hierarchy "SevenSegmentDisplay_RevA:inst1"
Info (12128): Elaborating entity "General27bitCounter" for hierarchy "General27bitCounter:inst3"
Warning (10230): Verilog HDL assignment warning at General27bitCounter.v(16): truncated value with size 32 to match size of target (27) File: C:/Users/oenri/Desktop/YouTube/copper/FPGA/library/General27bitCounter.v Line: 16
Info (12128): Elaborating entity "HexDecoder_RevC" for hierarchy "HexDecoder_RevC:inst8"
Info (12128): Elaborating entity "UnmapDisplays" for hierarchy "UnmapDisplays:inst9"
Warning (13024): Output pins are stuck at VCC or GND
    Warning (13410): Pin "LEDR2" is stuck at GND
    Warning (13410): Pin "LEDR3" is stuck at GND
    Warning (13410): Pin "LEDR4" is stuck at GND
    Warning (13410): Pin "LEDR6" is stuck at GND
    Warning (13410): Pin "LEDR7" is stuck at GND
    Warning (13410): Pin "LEDR8" is stuck at GND
    Warning (13410): Pin "LEDR9" is stuck at GND
Info (286030): Timing-Driven Synthesis is running
Info (17049): 12 registers lost all their fanouts during netlist optimizations.
Info (16010): Generating hard_block partition "hard_block:auto_generated_inst"
    Info (16011): Adding 0 node(s), including 0 DDIO, 0 PLL, 0 transceiver and 0 LCELL
Warning (21074): Design contains 6 input pin(s) that do not drive logic
    Warning (15610): No output dependent on input pin "KEY1"
    Warning (15610): No output dependent on input pin "KEY2"
    Warning (15610): No output dependent on input pin "KEY3"
    Warning (15610): No output dependent on input pin "CLOCK2_50"
    Warning (15610): No output dependent on input pin "CLOCK3_50"
    Warning (15610): No output dependent on input pin "CLOCK4_50"
Info (21057): Implemented 244 device resources after synthesis - the final resource count might be different
    Info (21058): Implemented 10 input pins
    Info (21059): Implemented 53 output pins
    Info (21061): Implemented 181 logic cells
Info: Quartus Prime Analysis & Synthesis was successful. 0 errors, 51 warnings
    Info: Peak virtual memory: 4873 megabytes
    Info: Processing ended: Tue Sep 29 18:58:46 2020
    Info: Elapsed time: 00:00:18
    Info: Total CPU time (on all processors): 00:00:37


